+r /tmp/junit/junit/usr/share/keyrings/kubernetes-archive-keyring.gpg
o-rwx /var/lib/robobee/tmp
o-rwx /var/lib/robobee/tmp
o-rwx /var/lib/robobee/tmp
