update
-y install curl
-y install apt-transport-https
-y install ca-certificates
-y install software-properties-common
update
-y install docker-ce=18.06.3~ce~3-0~debian
