-R /tmp/junit/junit/id -u /var/lib/robobee/tmp
nfsnobody.nfsnobody -R /nfsfileshare/0
