list installed nfs-utils
install -y nfs-utils
list installed libnfsidmap
install -y libnfsidmap
