get nodes --no-headers -l robobeerun.com/node=localhost
get nodes --no-headers -l robobeerun.com/node=localhost
get nodes --no-headers -l robobeerun.com/node=localhost
get nodes --no-headers -l kubernetes.io/hostname=localhost
label --overwrite nodes robobeerun.com/node=
get nodes --no-headers -l robobeerun.com/node=localhost
