[DEFAULT]
bantime = 36000
destemail = root@localhost
backend = auto
maxretry = 3

[apache]
port = 22222
enabled = true

