====
    Copyright © 2016 Erwin Müller (erwin.mueller@anrisoftware.com)

    Licensed under the Apache License, Version 2.0 (the "License");
    you may not use this file except in compliance with the License.
    You may obtain a copy of the License at

        http://www.apache.org/licenses/LICENSE-2.0

    Unless required by applicable law or agreed to in writing, software
    distributed under the License is distributed on an "AS IS" BASIS,
    WITHOUT WARRANTIES OR CONDITIONS OF ANY KIND, either express or implied.
    See the License for the specific language governing permissions and
    limitations under the License.
====

global
    # Log to systemd's /dev/log compatibility socket
    log /dev/log local0 notice

    chroot /var/lib/haproxy
    pidfile /var/run/haproxy.pid
    maxconn 4000
    user haproxy
    group haproxy
    daemon

    # turn on stats unix socket - see http://cbonte.github.io/haproxy-dconv/1.8/configuration.html#3.1-stats%20socket
    stats socket /var/lib/haproxy/stats mode 600 level admin
    stats timeout 2m

    # From https://mozilla.github.io/server-side-tls/ssl-config-generator/
    # Intermediate config as of Jan 2018 - update it from the link above!
    tune.ssl.default-dh-param 2048
    ssl-default-bind-ciphers ECDHE-ECDSA-CHACHA20-POLY1305:ECDHE-RSA-CHACHA20-POLY1305:ECDHE-ECDSA-AES128-GCM-SHA256:ECDHE-RSA-AES128-GCM-SHA256:ECDHE-ECDSA-AES256-GCM-SHA384:ECDHE-RSA-AES256-GCM-SHA$
    ssl-default-bind-options no-sslv3 no-tls-tickets
    ssl-default-server-ciphers ECDHE-ECDSA-CHACHA20-POLY1305:ECDHE-RSA-CHACHA20-POLY1305:ECDHE-ECDSA-AES128-GCM-SHA256:ECDHE-RSA-AES128-GCM-SHA256:ECDHE-ECDSA-AES256-GCM-SHA384:ECDHE-RSA-AES256-GCM-S$
    ssl-default-server-options no-sslv3 no-tls-tickets

defaults
    mode http

    # See http://cbonte.github.io/haproxy-dconv/1.8/configuration.html#option%20http-server-close
    option http-server-close

    log global
    option httplog
    option dontlognull
    option http-server-close
    option redispatch
    retries 3
    timeout http-request 10s
    timeout queue 1m
    timeout client 1m
    timeout server 1m

    timeout check 10s 
    maxconn 3000

    # From http://stackoverflow.com/questions/21419859/configuring-haproxy-to-work-with-server-sent-events
    # Set the max time to wait for a connection attempt to a server to succeed  
    timeout connect 30s
    # handle a client suddenly disappearing from the net
    timeout client-fin 30s
    option http-server-close

    errorfile 400 /etc/haproxy/errors/400.http
    errorfile 403 /etc/haproxy/errors/403.http
    errorfile 408 /etc/haproxy/errors/408.http
    errorfile 500 /etc/haproxy/errors/500.http
    errorfile 502 /etc/haproxy/errors/502.http
    errorfile 503 /etc/haproxy/errors/503.http
    errorfile 504 /etc/haproxy/errors/504.http

