====
    Copyright © 2016 Erwin Müller (erwin.mueller@anrisoftware.com)

    Licensed under the Apache License, Version 2.0 (the "License");
    you may not use this file except in compliance with the License.
    You may obtain a copy of the License at

        http://www.apache.org/licenses/LICENSE-2.0

    Unless required by applicable law or agreed to in writing, software
    distributed under the License is distributed on an "AS IS" BASIS,
    WITHOUT WARRANTIES OR CONDITIONS OF ANY KIND, either express or implied.
    See the License for the specific language governing permissions and
    limitations under the License.
====

frontend https-in
    bind            *:443 name node-https
    mode            tcp
    option          tcplog
    tcp-request     inspect-delay 5s
    tcp-request     content accept if { req.ssl_hello_type 1 }
    acl proto_tls   req.ssl_hello_type 1
    use_backend     nodes-https if proto_tls
    default_backend nodes-https
backend nodes-https
    mode            tcp
    log             global
    stick-table     type ip size 512k expire 30m
    stick on        dst
    balance         roundrobin
    server          ingress01-https 192.168.56.201:30001 check inter 1000 send-proxy
