apiVersion: kubeadm.k8s.io/v1alpha3
kind: InitConfiguration
apiEndpoint:
  advertiseAddress: 127.0.0.1
  bindPort: 6443
nodeRegistration:
  name: node-0
---
apiVersion: kubeadm.k8s.io/v1alpha3
kind: ClusterConfiguration
networking:
  dnsDomain: cluster.local
  serviceSubnet: 10.96.0.0/12
  podSubnet: 10.244.0.0/16
kubernetesVersion: v1.13.4
certificatesDir: /tmp/junit/junit/etc/kubernetes/pki
etcd:
  external:
    endpoints:
    - http://etcd-0:2379
---
apiVersion: kubeproxy.config.k8s.io/v1alpha1
kind: KubeProxyConfiguration
clusterCIDR: "10.244.0.0/16"
