apiVersion: kubeadm.k8s.io/v1alpha3
kind: InitConfiguration
apiEndpoint:
  advertiseAddress: 192.168.0.100
  bindPort: 6443
nodeRegistration:
  name: node-0
---
apiVersion: kubeadm.k8s.io/v1alpha3
kind: ClusterConfiguration
networking:
  dnsDomain: cluster.local
  serviceSubnet: 10.96.0.0/12
  podSubnet: 10.244.0.0/16
kubernetesVersion: v1.12.1
certificatesDir: /tmp/junit/junit/etc/kubernetes/pki
etcd:
  external:
    endpoints:
    - https://etcd-0:2379
    caFile: /tmp/junit/junit/etc/kubernetes/pki/etcd_tls_ca.pem
    certFile: /tmp/junit/junit/etc/kubernetes/pki/etcd_tls_cert.pem
    keyFile: /tmp/junit/junit/etc/kubernetes/pki/etcd_tls_key.pem
