clone --recurse-submodules --depth 1 git://git@github.com/user/wordpress-app .
