-y install fail2ban python-pyinotify
-y install ufw
