/bin/bash -s
/bin/bash -s
/bin/bash -s
/bin/bash -s
/bin/bash -s
/bin/bash -s
/bin/bash -s
bash -c echo "deb http://ftp.de.debian.org/debian buster-backports main" > /tmp/junit/junit/etc/apt/sources.list.d/backports.list
/bin/bash -s
bash -c cat  | apt-key add -
bash -c echo "deb https://download.opensuse.org/repositories/devel:/kubic:/libcontainers:/stable/Debian_Testing/ /" > /tmp/junit/junit/etc/apt/sources.list.d/libcontainers.list
/bin/bash -s
bash -c cat  | apt-key add -
bash -c echo "deb http://download.opensuse.org/repositories/devel:/kubic:/libcontainers:/stable:/cri-o:/1.20/Debian_Testing/ /" > /tmp/junit/junit/etc/apt/sources.list.d/crio.list
/bin/bash -s
/bin/bash -s
/bin/bash -s
/bin/bash -s
/bin/bash -s
