-R /tmp/junit/junit/id -u /var/lib/robobee/tmp
-R /tmp/junit/junit/id -u /var/lib/robobee/tmp
