/var/lib/robobee/tmp/crio.conf /tmp/junit/junit/etc/modules-load.d/crio.conf
/var/lib/robobee/tmp/99-kubernetes-cri.conf /tmp/junit/junit/etc/sysctl.d/99-kubernetes-cri.conf
