deb https://download.docker.com/linux/debian buster main
