frontend http-in
    bind            *:80 name node-http
    mode            http
    redirect scheme https code 301 unless { path_beg /.well-known/acme-challenge/ }
    default_backend nodes-http
backend nodes-http
    mode            http
    balance         roundrobin
    option          forwardfor
    http-request    set-header X-Forwarded-Port %[dst_port]
    http-request    add-header X-Forwarded-Proto https if { ssl_fc }
    server          ingress01-http 192.168.56.201:30000 check inter 1000 send-proxy
