frontend https-in
    bind            192.168.56.201:443 name andrea-node-1
    mode            tcp
    option          tcplog
    tcp-request     inspect-delay 5s
    tcp-request     content accept if { req.ssl_hello_type 1 }
    acl proto_tls   req.ssl_hello_type 1
    use_backend     nodes-https if proto_tls
    default_backend nodes-https
backend nodes-https
    mode            tcp
    stick-table     type ip size 512k expire 30m
    stick on        dst
    balance         roundrobin
    server          ingress01-https 192.168.56.201:30001 check inter 1000 send-proxy
