====
    Copyright © 2016 Erwin Müller (erwin.mueller@anrisoftware.com)

    Licensed under the Apache License, Version 2.0 (the "License");
    you may not use this file except in compliance with the License.
    You may obtain a copy of the License at

        http://www.apache.org/licenses/LICENSE-2.0

    Unless required by applicable law or agreed to in writing, software
    distributed under the License is distributed on an "AS IS" BASIS,
    WITHOUT WARRANTIES OR CONDITIONS OF ANY KIND, either express or implied.
    See the License for the specific language governing permissions and
    limitations under the License.
====

total 48
-rw-r----- 1 etcd root 6729 date client_ca.pem
-rw-r----- 1 etcd root 2305 date client_cert.pem
-rw-r----- 1 etcd root 3243 date client_key.pem
-rw-r----- 1 etcd root 6729 date etcd_ca.pem
-rw-r----- 1 etcd root 2809 date etcd_cert.pem
-rw-r----- 1 etcd root 3243 date etcd_key.pem
-rw-r----- 1 etcd root 6729 date peer_ca.pem
-rw-r----- 1 etcd root 2809 date peer_cert.pem
-rw-r----- 1 etcd root 3243 date peer_key.pem
