update
-y install wget
-y install gnupg
-y install dirmngr
-y install lsof
