-R /tmp/junit/junit/id -u /var/lib/robobee/tmp
nobody.nogroup -R /nfsfileshare/0
