update
-y install fail2ban
-y install python3-pyinotify
-y install whois
update
-y install ufw
