[Definition]
logtarget = SYSLOG
loglevel = ERROR

