====
    Copyright © 2016 Erwin Müller (erwin.mueller@anrisoftware.com)

    Licensed under the Apache License, Version 2.0 (the "License");
    you may not use this file except in compliance with the License.
    You may obtain a copy of the License at

        http://www.apache.org/licenses/LICENSE-2.0

    Unless required by applicable law or agreed to in writing, software
    distributed under the License is distributed on an "AS IS" BASIS,
    WITHOUT WARRANTIES OR CONDITIONS OF ANY KIND, either express or implied.
    See the License for the specific language governing permissions and
    limitations under the License.
====

[INCLUDES]
before = paths-debian.conf

[DEFAULT]
action_mw = %(banaction)s[name=%(__name__)s, bantime="%(bantime)s", port="%(port)s", protocol="%(protocol)s", chain="%(chain)s"]%(mta)s-whois[name=%(__name__)s, sender="%(sender)s", dest="%(destemail)s", protocol="%(protocol)s", chain="%(chain)s"]
action_badips = badips.py[category="%(__name__)s", banaction="%(banaction)s", agent="%(fail2ban_agent)s"]
fail2ban_agent = Fail2Ban/%(fail2ban_version)s
destemail = root@localhost
banaction_allports = iptables-allports
logencoding = auto
enabled = false
protocol = tcp
findtime = 600
action = %(banaction)s[name=%(__name__)s, port="%(port)s", protocol="%(protocol)s", chain="%(chain)s", application="%(app)s"]
backend = auto
mta = sendmail
maxretry = 3
action_mwl = %(banaction)s[name=%(__name__)s, bantime="%(bantime)s", port="%(port)s", protocol="%(protocol)s", chain="%(chain)s"]%(mta)s-whois-lines[name=%(__name__)s, sender="%(sender)s", dest="%(destemail)s", logpath=%(logpath)s, chain="%(chain)s"]
app = 
action_xarf = %(banaction)s[name=%(__name__)s, bantime="%(bantime)s", port="%(port)s", protocol="%(protocol)s", chain="%(chain)s"]xarf-login-attack[service=%(__name__)s, sender="%(sender)s", logpath=%(logpath)s, port="%(port)s"]
chain = INPUT
banaction = ufw
usedns = warn
action_ = %(banaction)s[name=%(__name__)s, bantime="%(bantime)s", port="%(port)s", protocol="%(protocol)s", chain="%(chain)s"]
action_blocklist_de = blocklist_de[email="%(sender)s", service=%(filter)s, apikey="%(blocklist_de_apikey)s", agent="%(fail2ban_agent)s"]
filter = %(__name__)s
bantime = 60
action_badips_report = badips[category="%(__name__)s", agent="%(fail2ban_agent)s"]
ignorecommand = 
sender = root@localhost
port = 0:65535
ignoreip = 127.0.0.1/8
action_cf_mwl = cloudflare[cfuser="%(cfemail)s", cftoken="%(cfapikey)s"]%(mta)s-whois-lines[name=%(__name__)s, sender="%(sender)s", dest="%(destemail)s", logpath=%(logpath)s, chain="%(chain)s"]

[sshd]
app = SSH
logpath = %(sshd_log)s
banaction = ufw
port = ssh
backend = %(sshd_backend)s
enabled = true

[sshd-ddos]
logpath = %(sshd_log)s
port = ssh
backend = %(sshd_backend)s

[dropbear]
logpath = %(dropbear_log)s
port = ssh
backend = %(dropbear_backend)s

[selinux-ssh]
logpath = %(auditd_log)s
port = ssh

[apache-auth]
logpath = %(apache_error_log)s
port = http,https

[apache-badbots]
bantime = 172800
logpath = %(apache_access_log)s
port = http,https
maxretry = 1

[apache-noscript]
logpath = %(apache_error_log)s
port = http,https

[apache-overflows]
logpath = %(apache_error_log)s
port = http,https
maxretry = 2

[apache-nohome]
logpath = %(apache_error_log)s
port = http,https
maxretry = 2

[apache-botsearch]
logpath = %(apache_error_log)s
port = http,https
maxretry = 2

[apache-fakegooglebot]
logpath = %(apache_access_log)s
ignorecommand = %(ignorecommands_dir)s/apache-fakegooglebot <ip>
port = http,https
maxretry = 1

[apache-modsecurity]
logpath = %(apache_error_log)s
port = http,https
maxretry = 2

[apache-shellshock]
logpath = %(apache_error_log)s
port = http,https
maxretry = 1

[openhab-auth]
filter = openhab
logpath = /opt/openhab/logs/request.log
action = iptables-allports[name=NoAuthFailures]

[nginx-http-auth]
logpath = %(nginx_error_log)s
port = http,https

[nginx-limit-req]
logpath = %(nginx_error_log)s
port = http,https

[nginx-botsearch]
logpath = %(nginx_error_log)s
port = http,https
maxretry = 2

[php-url-fopen]
logpath = %(nginx_access_log)s%(apache_access_log)s
port = http,https

[suhosin]
logpath = %(suhosin_log)s
port = http,https

[lighttpd-auth]
logpath = %(lighttpd_error_log)s
port = http,https

[roundcube-auth]
logpath = %(roundcube_errors_log)s
port = http,https

[openwebmail]
logpath = /var/log/openwebmail.log
port = http,https

[horde]
logpath = /var/log/horde/horde.log
port = http,https

[groupoffice]
logpath = /home/groupoffice/log/info.log
port = http,https

[sogo-auth]
logpath = /var/log/sogo/sogo.log
port = http,https

[tine20]
logpath = /var/log/tine20/tine20.log
port = http,https

[drupal-auth]
logpath = %(syslog_daemon)s
port = http,https
backend = %(syslog_backend)s

[guacamole]
logpath = /var/log/tomcat*/catalina.out
port = http,https

[monit]
logpath = /var/log/monit
port = 2812

[webmin-auth]
logpath = %(syslog_authpriv)s
port = 10000
backend = %(syslog_backend)s

[froxlor-auth]
logpath = %(syslog_authpriv)s
port = http,https
backend = %(syslog_backend)s

[squid]
logpath = /var/log/squid/access.log
port = 80,443,3128,8080

[3proxy]
logpath = /var/log/3proxy.log
port = 3128

[proftpd]
logpath = %(proftpd_log)s
port = ftp,ftp-data,ftps,ftps-data
backend = %(proftpd_backend)s

[pure-ftpd]
logpath = %(pureftpd_log)s
port = ftp,ftp-data,ftps,ftps-data
backend = %(pureftpd_backend)s

[gssftpd]
logpath = %(syslog_daemon)s
port = ftp,ftp-data,ftps,ftps-data
backend = %(syslog_backend)s

[wuftpd]
logpath = %(wuftpd_log)s
port = ftp,ftp-data,ftps,ftps-data
backend = %(wuftpd_backend)s

[vsftpd]
logpath = %(vsftpd_log)s
port = ftp,ftp-data,ftps,ftps-data

[assp]
logpath = /root/path/to/assp/logs/maillog.txt
port = smtp,465,submission

[courier-smtp]
logpath = %(syslog_mail)s
port = smtp,465,submission
backend = %(syslog_backend)s

[postfix]
logpath = %(postfix_log)s
port = smtp,465,submission
backend = %(postfix_backend)s

[postfix-rbl]
logpath = %(postfix_log)s
port = smtp,465,submission
backend = %(postfix_backend)s
maxretry = 1

[sendmail-auth]
logpath = %(syslog_mail)s
port = submission,465,smtp
backend = %(syslog_backend)s

[sendmail-reject]
logpath = %(syslog_mail)s
port = smtp,465,submission
backend = %(syslog_backend)s

[qmail-rbl]
filter = qmail
logpath = /service/qmail/log/main/current
port = smtp,465,submission

[dovecot]
logpath = %(dovecot_log)s
port = pop3,pop3s,imap,imaps,submission,465,sieve
backend = %(dovecot_backend)s

[sieve]
logpath = %(dovecot_log)s
port = smtp,465,submission
backend = %(dovecot_backend)s

[solid-pop3d]
logpath = %(solidpop3d_log)s
port = pop3,pop3s

[exim]
logpath = %(exim_main_log)s
port = smtp,465,submission

[exim-spam]
logpath = %(exim_main_log)s
port = smtp,465,submission

[kerio]
logpath = /opt/kerio/mailserver/store/logs/security.log
port = imap,smtp,imaps,465

[courier-auth]
logpath = %(syslog_mail)s
port = smtp,465,submission,imap3,imaps,pop3,pop3s
backend = %(syslog_backend)s

[postfix-sasl]
logpath = %(postfix_log)s
port = smtp,465,submission,imap3,imaps,pop3,pop3s
backend = %(postfix_backend)s

[perdition]
logpath = %(syslog_mail)s
port = imap3,imaps,pop3,pop3s
backend = %(syslog_backend)s

[squirrelmail]
logpath = /var/lib/squirrelmail/prefs/squirrelmail_access_log
port = smtp,465,submission,imap2,imap3,imaps,pop3,pop3s,http,https,socks

[cyrus-imap]
logpath = %(syslog_mail)s
port = imap3,imaps
backend = %(syslog_backend)s

[uwimap-auth]
logpath = %(syslog_mail)s
port = imap3,imaps
backend = %(syslog_backend)s

[named-refused]
logpath = /var/log/named/security.log
port = domain,953

[nsd]
logpath = /var/log/nsd.log
port = 53
action = %(banaction)s[name=%(__name__)s-tcp, port="%(port)s", protocol="tcp", chain="%(chain)s", actname=%(banaction)s-tcp]%(banaction)s[name=%(__name__)s-udp, port="%(port)s", protocol="udp", chain="%(chain)s", actname=%(banaction)s-udp]

[asterisk]
logpath = /var/log/asterisk/messages
port = 5060,5061
action = %(banaction)s[name=%(__name__)s-tcp, port="%(port)s", protocol="tcp", chain="%(chain)s", actname=%(banaction)s-tcp]%(banaction)s[name=%(__name__)s-udp, port="%(port)s", protocol="udp", chain="%(chain)s", actname=%(banaction)s-udp]%(mta)s-whois[name=%(__name__)s, dest="%(destemail)s"]
maxretry = 10

[freeswitch]
logpath = /var/log/freeswitch.log
port = 5060,5061
action = %(banaction)s[name=%(__name__)s-tcp, port="%(port)s", protocol="tcp", chain="%(chain)s", actname=%(banaction)s-tcp]%(banaction)s[name=%(__name__)s-udp, port="%(port)s", protocol="udp", chain="%(chain)s", actname=%(banaction)s-udp]%(mta)s-whois[name=%(__name__)s, dest="%(destemail)s"]
maxretry = 10

[mysqld-auth]
logpath = %(mysql_log)s
port = 3306
backend = %(mysql_backend)s

[mongodb-auth]
logpath = /var/log/mongodb/mongodb.log
port = 27017

[recidive]
bantime = 604800  ; 1 week
logpath = /var/log/fail2ban.log
banaction = %(banaction_allports)s
findtime = 86400   ; 1 day

[pam-generic]
logpath = %(syslog_authpriv)s
banaction = %(banaction_allports)s
backend = %(syslog_backend)s

[xinetd-fail]
logpath = %(syslog_daemon)s
banaction = iptables-multiport-log
backend = %(syslog_backend)s
maxretry = 2

[stunnel]
logpath = /var/log/stunnel4/stunnel.log

[ejabberd-auth]
logpath = /var/log/ejabberd/ejabberd.log
port = 5222

[counter-strike]
logpath = /opt/cstrike/logs/L[0-9]*.log
tcpport = 27030,27031,27032,27033,27034,27035,27036,27037,27038,27039
action = %(banaction)s[name=%(__name__)s-tcp, port="%(tcpport)s", protocol="tcp", chain="%(chain)s", actname=%(banaction)s-tcp]%(banaction)s[name=%(__name__)s-udp, port="%(udpport)s", protocol="udp", chain="%(chain)s", actname=%(banaction)s-udp]
udpport = 1200,27000,27001,27002,27003,27004,27005,27006,27007,27008,27009,27010,27011,27012,27013,27014,27015

[nagios]
logpath = %(syslog_daemon)s     ; nrpe.cfg may define a different log_facility
backend = %(syslog_backend)s
maxretry = 1

[oracleims]
logpath = /opt/sun/comms/messaging64/log/mail.log_current
banaction = %(banaction_allports)s

[directadmin]
logpath = /var/log/directadmin/login.log
port = 2222

[portsentry]
logpath = /var/lib/portsentry/portsentry.history
maxretry = 1

[pass2allow-ftp]
filter = apache-pass[knocking_url="%(knocking_url)s"]
bantime = 3600
knocking_url = /knocking/
logpath = %(apache_access_log)s
findtime = 1
port = ftp,ftp-data,ftps,ftps-data
blocktype = RETURN
returntype = DROP
maxretry = 1

[murmur]
logpath = /var/log/mumble-server/mumble-server.log
port = 64738
action = %(banaction)s[name=%(__name__)s-tcp, port="%(port)s", protocol=tcp, chain="%(chain)s", actname=%(banaction)s-tcp]%(banaction)s[name=%(__name__)s-udp, port="%(port)s", protocol=udp, chain="%(chain)s", actname=%(banaction)s-udp]

[screensharingd]
logpath = /var/log/system.log
logencoding = utf-8

[haproxy-http-auth]
logpath = /var/log/haproxy.log

[slapd]
filter = slapd
logpath = /var/log/slapd.log
port = ldap,ldaps

