[Definition]
logtarget = SYSLOG
loglevel = DEBUG

