/nfsfileshare/0 andrea-node-0.muellerpublic.de(rw,sync,root_squash,no_subtree_check) andrea-node-1.muellerpublic.de(rw,sync,no_root_squash)
