deb https://download.opensuse.org/repositories/devel:/kubic:/libcontainers:/stable:/cri-o:/1.22:/1.22.1/Debian_11/ /
